gui.c
main.c
/home/marco/Projects/3ds-zip-extractor/source/main.c: In function 'extract_archive':
/home/marco/Projects/3ds-zip-extractor/source/main.c:526:9: error: implicit declaration of function 'archive_read_new' [-Wimplicit-function-declaration]
  526 |     a = archive_read_new();
      |         ^~~~~~~~~~~~~~~~
/home/marco/Projects/3ds-zip-extractor/source/main.c:526:7: error: assignment to 'struct archive *' from 'int' makes pointer from integer without a cast [-Wint-conversion]
  526 |     a = archive_read_new();
      |       ^
/home/marco/Projects/3ds-zip-extractor/source/main.c:528:5: error: implicit declaration of function 'archive_read_support_format_zip' [-Wimplicit-function-declaration]
  528 |     archive_read_support_format_zip(a);
      |     ^~~~~~~~~~~~~~~~~~~~~~~~~~~~~~~
/home/marco/Projects/3ds-zip-extractor/source/main.c:529:5: error: implicit declaration of function 'archive_read_support_format_7zip' [-Wimplicit-function-declaration]
  529 |     archive_read_support_format_7zip(a);
      |     ^~~~~~~~~~~~~~~~~~~~~~~~~~~~~~~~
/home/marco/Projects/3ds-zip-extractor/source/main.c:530:5: error: implicit declaration of function 'archive_read_support_format_tar' [-Wimplicit-function-declaration]
  530 |     archive_read_support_format_tar(a);
      |     ^~~~~~~~~~~~~~~~~~~~~~~~~~~~~~~
/home/marco/Projects/3ds-zip-extractor/source/main.c:531:5: error: implicit declaration of function 'archive_read_support_format_gnutar' [-Wimplicit-function-declaration]
  531 |     archive_read_support_format_gnutar(a);
      |     ^~~~~~~~~~~~~~~~~~~~~~~~~~~~~~~~~~
/home/marco/Projects/3ds-zip-extractor/source/main.c:532:5: error: implicit declaration of function 'archive_read_support_format_rar' [-Wimplicit-function-declaration]
  532 |     archive_read_support_format_rar(a);
      |     ^~~~~~~~~~~~~~~~~~~~~~~~~~~~~~~
/home/marco/Projects/3ds-zip-extractor/source/main.c:534:5: error: implicit declaration of function 'archive_read_support_filter_gzip' [-Wimplicit-function-declaration]
  534 |     archive_read_support_filter_gzip(a);
      |     ^~~~~~~~~~~~~~~~~~~~~~~~~~~~~~~~
/home/marco/Projects/3ds-zip-extractor/source/main.c:535:5: error: implicit declaration of function 'archive_read_support_filter_bzip2' [-Wimplicit-function-declaration]
  535 |     archive_read_support_filter_bzip2(a);
      |     ^~~~~~~~~~~~~~~~~~~~~~~~~~~~~~~~~
/home/marco/Projects/3ds-zip-extractor/source/main.c:536:5: error: implicit declaration of function 'archive_read_support_filter_xz' [-Wimplicit-function-declaration]
  536 |     archive_read_support_filter_xz(a);
      |     ^~~~~~~~~~~~~~~~~~~~~~~~~~~~~~
/home/marco/Projects/3ds-zip-extractor/source/main.c:537:5: error: implicit declaration of function 'archive_read_support_filter_none' [-Wimplicit-function-declaration]
  537 |     archive_read_support_filter_none(a);
      |     ^~~~~~~~~~~~~~~~~~~~~~~~~~~~~~~~
/home/marco/Projects/3ds-zip-extractor/source/main.c:539:11: error: implicit declaration of function 'archive_write_disk_new' [-Wimplicit-function-declaration]
  539 |     ext = archive_write_disk_new();
      |           ^~~~~~~~~~~~~~~~~~~~~~
/home/marco/Projects/3ds-zip-extractor/source/main.c:539:9: error: assignment to 'struct archive *' from 'int' makes pointer from integer without a cast [-Wint-conversion]
  539 |     ext = archive_write_disk_new();
      |         ^
/home/marco/Projects/3ds-zip-extractor/source/main.c:540:5: error: implicit declaration of function 'archive_write_disk_set_options' [-Wimplicit-function-declaration]
  540 |     archive_write_disk_set_options(ext, ARCHIVE_EXTRACT_TIME);
      |     ^~~~~~~~~~~~~~~~~~~~~~~~~~~~~~
/home/marco/Projects/3ds-zip-extractor/source/main.c:540:41: error: 'ARCHIVE_EXTRACT_TIME' undeclared (first use in this function); did you mean 'ARCHIVE_EXTDATA'?
  540 |     archive_write_disk_set_options(ext, ARCHIVE_EXTRACT_TIME);
      |                                         ^~~~~~~~~~~~~~~~~~~~
      |                                         ARCHIVE_EXTDATA
/home/marco/Projects/3ds-zip-extractor/source/main.c:540:41: note: each undeclared identifier is reported only once for each function it appears in
/home/marco/Projects/3ds-zip-extractor/source/main.c:544:14: error: implicit declaration of function 'archive_read_open_filename' [-Wimplicit-function-declaration]
  544 |     if ((r = archive_read_open_filename(a, archive_path, 10240))) {
      |              ^~~~~~~~~~~~~~~~~~~~~~~~~~
/home/marco/Projects/3ds-zip-extractor/source/main.c:545:48: error: implicit declaration of function 'archive_error_string' [-Wimplicit-function-declaration]
  545 |         printf("Failed to open archive: %s\n", archive_error_string(a));
      |                                                ^~~~~~~~~~~~~~~~~~~~
/home/marco/Projects/3ds-zip-extractor/source/main.c:545:42: warning: format '%s' expects argument of type 'char *', but argument 2 has type 'int' [-Wformat=]
  545 |         printf("Failed to open archive: %s\n", archive_error_string(a));
      |                                         ~^     ~~~~~~~~~~~~~~~~~~~~~~~
      |                                          |     |
      |                                          |     int
      |                                          char *
      |                                         %d
/home/marco/Projects/3ds-zip-extractor/source/main.c:546:9: error: implicit declaration of function 'archive_read_free' [-Wimplicit-function-declaration]
  546 |         archive_read_free(a);
      |         ^~~~~~~~~~~~~~~~~
/home/marco/Projects/3ds-zip-extractor/source/main.c:547:9: error: implicit declaration of function 'archive_write_free' [-Wimplicit-function-declaration]
  547 |         archive_write_free(ext);
      |         ^~~~~~~~~~~~~~~~~~
/home/marco/Projects/3ds-zip-extractor/source/main.c:556:12: error: implicit declaration of function 'archive_read_next_header' [-Wimplicit-function-declaration]
  556 |     while (archive_read_next_header(a, &entry) == ARCHIVE_OK) {
      |            ^~~~~~~~~~~~~~~~~~~~~~~~
/home/marco/Projects/3ds-zip-extractor/source/main.c:556:51: error: 'ARCHIVE_OK' undeclared (first use in this function); did you mean 'ARCHIVE_SDMC'?
  556 |     while (archive_read_next_header(a, &entry) == ARCHIVE_OK) {
      |                                                   ^~~~~~~~~~
      |                                                   ARCHIVE_SDMC
/home/marco/Projects/3ds-zip-extractor/source/main.c:557:36: error: implicit declaration of function 'archive_entry_pathname' [-Wimplicit-function-declaration]
  557 |         const char* current_file = archive_entry_pathname(entry);
      |                                    ^~~~~~~~~~~~~~~~~~~~~~
/home/marco/Projects/3ds-zip-extractor/source/main.c:557:36: error: initialization of 'const char *' from 'int' makes pointer from integer without a cast [-Wint-conversion]
/home/marco/Projects/3ds-zip-extractor/source/main.c:561:9: error: implicit declaration of function 'archive_entry_set_pathname' [-Wimplicit-function-declaration]
  561 |         archive_entry_set_pathname(entry, full_path);
      |         ^~~~~~~~~~~~~~~~~~~~~~~~~~
/home/marco/Projects/3ds-zip-extractor/source/main.c:565:37: error: implicit declaration of function 'archive_entry_size' [-Wimplicit-function-declaration]
  565 |         extract_data.current_size = archive_entry_size(entry);
      |                                     ^~~~~~~~~~~~~~~~~~
/home/marco/Projects/3ds-zip-extractor/source/main.c:585:13: error: implicit declaration of function 'archive_write_header' [-Wimplicit-function-declaration]
  585 |         r = archive_write_header(ext, entry);
      |             ^~~~~~~~~~~~~~~~~~~~
/home/marco/Projects/3ds-zip-extractor/source/main.c:589:13: error: unknown type name 'la_int64_t'; did you mean 'u_int64_t'?
  589 |             la_int64_t offset;
      |             ^~~~~~~~~~
      |             u_int64_t
/home/marco/Projects/3ds-zip-extractor/source/main.c:591:25: error: implicit declaration of function 'archive_read_data_block' [-Wimplicit-function-declaration]
  591 |             while ((r = archive_read_data_block(a, &buff, &size, &offset)) == ARCHIVE_OK) {
      |                         ^~~~~~~~~~~~~~~~~~~~~~~
/home/marco/Projects/3ds-zip-extractor/source/main.c:592:21: error: implicit declaration of function 'archive_write_data_block' [-Wimplicit-function-declaration]
  592 |                 if (archive_write_data_block(ext, buff, size, offset) != ARCHIVE_OK) {
      |                     ^~~~~~~~~~~~~~~~~~~~~~~~
/home/marco/Projects/3ds-zip-extractor/source/main.c:593:43: warning: format '%s' expects argument of type 'char *', but argument 2 has type 'int' [-Wformat=]
  593 |                     printf("Write error: %s\n", archive_error_string(ext));
      |                                          ~^     ~~~~~~~~~~~~~~~~~~~~~~~~~
      |                                           |     |
      |                                           |     int
      |                                           char *
      |                                          %d
/home/marco/Projects/3ds-zip-extractor/source/main.c:607:22: error: 'ARCHIVE_EOF' undeclared (first use in this function); did you mean 'ARCHIVE_ROMFS'?
  607 |             if (r != ARCHIVE_EOF) {
      |                      ^~~~~~~~~~~
      |                      ARCHIVE_ROMFS
/home/marco/Projects/3ds-zip-extractor/source/main.c:608:38: warning: format '%s' expects argument of type 'char *', but argument 2 has type 'int' [-Wformat=]
  608 |                 printf("Read error: %s\n", archive_error_string(a));
      |                                     ~^     ~~~~~~~~~~~~~~~~~~~~~~~
      |                                      |     |
      |                                      |     int
      |                                      char *
      |                                     %d
/home/marco/Projects/3ds-zip-extractor/source/main.c:611:13: error: implicit declaration of function 'archive_write_finish_entry' [-Wimplicit-function-declaration]
  611 |             archive_write_finish_entry(ext);
      |             ^~~~~~~~~~~~~~~~~~~~~~~~~~
make[1]: *** [/opt/devkitpro/devkitARM//base_rules:40: main.o] Errore 1
make: *** [Makefile:150: build] Errore 2
